### 23.2.7 MySQL分区如何处理NULL

MySQL中的分区不会禁止 `NULL` 作为分区表达式的值，无论它是列值还是用户提供的表达式的值。即使允许使用 `NULL` 作为必须产生整数的表达式的值，但重要的是要记住 `NULL` 不是数字。MySQL的分区实现将 `NULL` 视为小于任何非 `NULL` 值，就像 `ORDER BY` 一样。

这意味着 `NULL` 的处理在不同类型的分区之间变化，并且如果您没有为此做好准备，可能会产生您不期望的行为。在这种情况下，我们将在本节中讨论每个MySQL分区类型在确定应存储行的分区时如何处理 `NULL` 值，并为每个分区提供示例。

**使用RANGE分区处理NULL**

如果将行插入由 `RANGE` 分区的表中，以便用于确定分区的列值为 `NULL`，则将该行插入最低分区。在名为 `p` 的数据库中考虑这两个表，创建如下 :

```sql
mysql> CREATE TABLE t1 (
    ->     c1 INT,
    ->     c2 VARCHAR(20)
    -> )
    -> PARTITION BY RANGE(c1) (
    ->     PARTITION p0 VALUES LESS THAN (0),
    ->     PARTITION p1 VALUES LESS THAN (10),
    ->     PARTITION p2 VALUES LESS THAN MAXVALUE
    -> );
Query OK, 0 rows affected (0.09 sec)

mysql> CREATE TABLE t2 (
    ->     c1 INT,
    ->     c2 VARCHAR(20)
    -> )
    -> PARTITION BY RANGE(c1) (
    ->     PARTITION p0 VALUES LESS THAN (-5),
    ->     PARTITION p1 VALUES LESS THAN (0),
    ->     PARTITION p2 VALUES LESS THAN (10),
    ->     PARTITION p3 VALUES LESS THAN MAXVALUE
    -> );
Query OK, 0 rows affected (0.09 sec)
```

您可以使用以下查询针对 `INFORMATION_SCHEMA` 数据库中的 [`PARTITIONS`](https://dev.mysql.com/doc/refman/8.0/en/partitions-table.html) 表查看这两个 [`CREATE TABLE`](https://dev.mysql.com/doc/refman/8.0/en/create-table.html) 语句创建的分区 :

```sql
mysql> SELECT TABLE_NAME, PARTITION_NAME, TABLE_ROWS, AVG_ROW_LENGTH, DATA_LENGTH
     >   FROM INFORMATION_SCHEMA.PARTITIONS
     >   WHERE TABLE_SCHEMA = 'p' AND TABLE_NAME LIKE 't_';
+------------+----------------+------------+----------------+-------------+
| TABLE_NAME | PARTITION_NAME | TABLE_ROWS | AVG_ROW_LENGTH | DATA_LENGTH |
+------------+----------------+------------+----------------+-------------+
| t1         | p0             |          0 |              0 |           0 |
| t1         | p1             |          0 |              0 |           0 |
| t1         | p2             |          0 |              0 |           0 |
| t2         | p0             |          0 |              0 |           0 |
| t2         | p1             |          0 |              0 |           0 |
| t2         | p2             |          0 |              0 |           0 |
| t2         | p3             |          0 |              0 |           0 |
+------------+----------------+------------+----------------+-------------+
7 rows in set (0.00 sec)
```

( 有关此表的更多信息，请参见 [第25.17节"INFORMATION_SCHEMA PARTITIONS表"](https://dev.mysql.com/doc/refman/8.0/en/partitions-table.html)。) 现在让我们使用在用作分区键的列中包含 `NULL` 的单行填充每个表，并使用一对 [`SELECT`](https://dev.mysql.com/doc/refman/8.0/en/select.html) 语句验证是否插入了行 :

```sql
mysql> INSERT INTO t1 VALUES (NULL, 'mothra');
Query OK, 1 row affected (0.00 sec)

mysql> INSERT INTO t2 VALUES (NULL, 'mothra');
Query OK, 1 row affected (0.00 sec)

mysql> SELECT * FROM t1;
+------+--------+
| id   | name   |
+------+--------+
| NULL | mothra |
+------+--------+
1 row in set (0.00 sec)

mysql> SELECT * FROM t2;
+------+--------+
| id   | name   |
+------+--------+
| NULL | mothra |
+------+--------+
1 row in set (0.00 sec)
```

您可以通过针对 [`INFORMATION_SCHEMA.PARTITIONS`](https://dev.mysql.com/doc/refman/8.0/en/partitions-table.html) 重新运行上一个查询并检查输出来查看用于存储插入行的分区 :

```sql
mysql> SELECT TABLE_NAME, PARTITION_NAME, TABLE_ROWS, AVG_ROW_LENGTH, DATA_LENGTH
     >   FROM INFORMATION_SCHEMA.PARTITIONS
     >   WHERE TABLE_SCHEMA = 'p' AND TABLE_NAME LIKE 't_';
+------------+----------------+------------+----------------+-------------+
| TABLE_NAME | PARTITION_NAME | TABLE_ROWS | AVG_ROW_LENGTH | DATA_LENGTH |
+------------+----------------+------------+----------------+-------------+
| t1         | p0             |          1 |             20 |          20 |
| t1         | p1             |          0 |              0 |           0 |
| t1         | p2             |          0 |              0 |           0 |
| t2         | p0             |          1 |             20 |          20 |
| t2         | p1             |          0 |              0 |           0 |
| t2         | p2             |          0 |              0 |           0 |
| t2         | p3             |          0 |              0 |           0 |
+------------+----------------+------------+----------------+-------------+
7 rows in set (0.01 sec)
```

您还可以通过删除这些分区来证明这些行存储在每个表的编号最小的分区中，然后重新运行SELECT语句 :

```sql
mysql> ALTER TABLE t1 DROP PARTITION p0;
Query OK, 0 rows affected (0.16 sec)

mysql> ALTER TABLE t2 DROP PARTITION p0;
Query OK, 0 rows affected (0.16 sec)

mysql> SELECT * FROM t1;
Empty set (0.00 sec)

mysql> SELECT * FROM t2;
Empty set (0.00 sec)
```

( 有关 `ALTER TABLE ... DROP PARTITION` 的更多信息，请参见 [第13.1.9节"ALTER TABLE语法"](https://dev.mysql.com/doc/refman/8.0/en/alter-table.html)。)

对于使用SQL函数的表达式分区，也会以这种方式处理 `NULL`。假设我们使用 [`CREATE TABLE`](https://dev.mysql.com/doc/refman/8.0/en/create-table.html) 语句定义一个表，例如 :

```sql
CREATE TABLE tndate (
    id INT,
    dt DATE
)
PARTITION BY RANGE( YEAR(dt) ) (
    PARTITION p0 VALUES LESS THAN (1990),
    PARTITION p1 VALUES LESS THAN (2000),
    PARTITION p2 VALUES LESS THAN MAXVALUE
);
```

与其他MySQL函数一样，[`YEAR(NULL)`](https://dev.mysql.com/doc/refman/8.0/en/date-and-time-functions.html#function_year) 返回 `NULL`。将 `dt` 列值为 `NULL` 的行视为分区表达式计算为小于任何其他值的值，因此将其插入到分区 `p0` 中。

> 个人见解 :
>
> 高性能MySql第三版 P264 的"Null值会使分区过滤无效"有这样的描述，如果进行分区的列包含NULL值，则优化器在进行扫描时会扫描2个分区，即第一个分区和列值所在的分区。

**使用LIST分区处理NULL**

当且仅当使用包含 `NULL` 的值列表定义其中一个分区时，由 `LIST` 分区的表才允许 `NULL` 值。与此相反的是，由 `LIST` 分区的表未在值列表中显式使用 `NULL`，则会拒绝为分区表达式生成 `NULL` 的行，如下例所示 :

```sql
mysql> CREATE TABLE ts1 (
    ->     c1 INT,
    ->     c2 VARCHAR(20)
    -> )
    -> PARTITION BY LIST(c1) (
    ->     PARTITION p0 VALUES IN (0, 3, 6),
    ->     PARTITION p1 VALUES IN (1, 4, 7),
    ->     PARTITION p2 VALUES IN (2, 5, 8)
    -> );
Query OK, 0 rows affected (0.01 sec)

mysql> INSERT INTO ts1 VALUES (9, 'mothra');
ERROR 1504 (HY000): Table has no partition for value 9

mysql> INSERT INTO ts1 VALUES (NULL, 'mothra');
ERROR 1504 (HY000): Table has no partition for value NULL
```

只有 `c1` 值介于 `0` 和 `8` 之间的行才能插入到 `ts1` 中。`NULL` 超出此范围，就像数字 `9` 一样。我们可以创建表 `ts2` 和 `ts3`，其值列表包含 `NULL`，如下所示 :

```sql
mysql> CREATE TABLE ts2 (
    ->     c1 INT,
    ->     c2 VARCHAR(20)
    -> )
    -> PARTITION BY LIST(c1) (
    ->     PARTITION p0 VALUES IN (0, 3, 6),
    ->     PARTITION p1 VALUES IN (1, 4, 7),
    ->     PARTITION p2 VALUES IN (2, 5, 8),
    ->     PARTITION p3 VALUES IN (NULL)
    -> );
Query OK, 0 rows affected (0.01 sec)

mysql> CREATE TABLE ts3 (
    ->     c1 INT,
    ->     c2 VARCHAR(20)
    -> )
    -> PARTITION BY LIST(c1) (
    ->     PARTITION p0 VALUES IN (0, 3, 6),
    ->     PARTITION p1 VALUES IN (1, 4, 7, NULL),
    ->     PARTITION p2 VALUES IN (2, 5, 8)
    -> );
Query OK, 0 rows affected (0.01 sec)
```

在为分区定义值列表时，您可以 ( 并且应该 ) 像处理任何其他值一样处理 `NULL`。例如，`VALUES IN(NULL)` 和 `VALUES IN(1, 4, 7, NULL)` 都是有效的，`VALUES IN(1, NULL, 4, 7)`、`VALUES IN(NULL, 1, 4, 7)` 等等。您可以将列 `c1` 中具有 `NULL` 的行插入到每个表 `ts2` 和 `ts3` 中 :

```sql
mysql> INSERT INTO ts2 VALUES (NULL, 'mothra');
Query OK, 1 row affected (0.00 sec)

mysql> INSERT INTO ts3 VALUES (NULL, 'mothra');
Query OK, 1 row affected (0.00 sec)
```

通过对 [`INFORMATION_SCHEMA.PARTITIONS`](https://dev.mysql.com/doc/refman/8.0/en/partitions-table.html) 发出适当的查询，您可以确定哪些分区用于存储刚插入的行 ( 我们假设，如前面的示例中所示，分区表是在 `p` 数据库中创建的 ) :

```sql
mysql> SELECT TABLE_NAME, PARTITION_NAME, TABLE_ROWS, AVG_ROW_LENGTH, DATA_LENGTH
     >   FROM INFORMATION_SCHEMA.PARTITIONS
     >   WHERE TABLE_SCHEMA = 'p' AND TABLE_NAME LIKE 'ts_';
+------------+----------------+------------+----------------+-------------+
| TABLE_NAME | PARTITION_NAME | TABLE_ROWS | AVG_ROW_LENGTH | DATA_LENGTH |
+------------+----------------+------------+----------------+-------------+
| ts2        | p0             |          0 |              0 |           0 |
| ts2        | p1             |          0 |              0 |           0 |
| ts2        | p2             |          0 |              0 |           0 |
| ts2        | p3             |          1 |             20 |          20 |
| ts3        | p0             |          0 |              0 |           0 |
| ts3        | p1             |          1 |             20 |          20 |
| ts3        | p2             |          0 |              0 |           0 |
+------------+----------------+------------+----------------+-------------+
7 rows in set (0.01 sec)
```

如本节前面所示，您还可以通过删除这些分区然后执行 [`SELECT`](https://dev.mysql.com/doc/refman/8.0/en/select.html) 来验证哪些分区用于存储行。

**使用HASH和KEY分区处理NULL**

对于由 `HASH` 或 `KEY` 分区的表，`NULL` 处理方式略有不同。在这些情况下，任何产生 `NULL` 值的分区表达式都被视为其返回值为零。我们可以通过检查创建由 `HASH` 分区的表并使用包含适当值的记录填充它的文件系统的影响来验证此行为。假设您有一个使用以下语句创建的表 ( 也在 `p` 数据库中 ) :

```sql
mysql> CREATE TABLE th (
    ->     c1 INT,
    ->     c2 VARCHAR(20)
    -> )
    -> PARTITION BY HASH(c1)
    -> PARTITIONS 2;
Query OK, 0 rows affected (0.00 sec)
```

可以使用此处显示的查询查看属于此表的分区 :

```sql
mysql> SELECT TABLE_NAME,PARTITION_NAME,TABLE_ROWS,AVG_ROW_LENGTH,DATA_LENGTH
     >   FROM INFORMATION_SCHEMA.PARTITIONS
     >   WHERE TABLE_SCHEMA = 'p' AND TABLE_NAME ='th';
+------------+----------------+------------+----------------+-------------+
| TABLE_NAME | PARTITION_NAME | TABLE_ROWS | AVG_ROW_LENGTH | DATA_LENGTH |
+------------+----------------+------------+----------------+-------------+
| th         | p0             |          0 |              0 |           0 |
| th         | p1             |          0 |              0 |           0 |
+------------+----------------+------------+----------------+-------------+
2 rows in set (0.00 sec)
```

每个分区的 `TABLE_ROWS` 为0。现在在其 `c1` 列值为 `NULL` 和0的位置插入两行，并验证是否插入了这些行，如下所示 :

```sql
mysql> INSERT INTO th VALUES (NULL, 'mothra'), (0, 'gigan');
Query OK, 1 row affected (0.00 sec)

mysql> SELECT * FROM th;
+------+---------+
| c1   | c2      |
+------+---------+
| NULL | mothra  |
+------+---------+
|    0 | gigan   |
+------+---------+
2 rows in set (0.01 sec)
```

回想一下，对于任何整数 `N`，`NULL MOD N` 的值始终为 `NULL`。对于由 `HASH` 或 `KEY` 分区的表，将此结果视为确定正确的分区为0。再次检查 [`INFORMATION_SCHEMA.PARTITIONS`](https://dev.mysql.com/doc/refman/8.0/en/partitions-table.html) 表，我们可以看到两行都插入到分区 `p0` 中 :

```sql
mysql> SELECT TABLE_NAME, PARTITION_NAME, TABLE_ROWS, AVG_ROW_LENGTH, DATA_LENGTH
     >   FROM INFORMATION_SCHEMA.PARTITIONS
     >   WHERE TABLE_SCHEMA = 'p' AND TABLE_NAME ='th';
+------------+----------------+------------+----------------+-------------+
| TABLE_NAME | PARTITION_NAME | TABLE_ROWS | AVG_ROW_LENGTH | DATA_LENGTH |
+------------+----------------+------------+----------------+-------------+
| th         | p0             |          2 |             20 |          20 |
| th         | p1             |          0 |              0 |           0 |
+------------+----------------+------------+----------------+-------------+
2 rows in set (0.00 sec)
```

通过在表的定义中使用 `PARTITION BY KEY` 代替 `PARTITION BY HASH` 重复最后一个示例，您可以验证对于这种类型的分区，`NULL` 也被视为0。