### 23.2.2 List分区

MySQL中的列表分区在很多方面与范围分区相似。与按范围划分一样，必须显式定义每个分区。两种分区类型之间的主要区别在于，在列表分区中，每个分区都是根据一组值列表中的某个列值的成员资格而不是一组连续值范围中的某个列值的成员资格来定义和选择的。这是通过使用 `PARTITION BY LIST(expr)` 来完成的，其中 `expr` 是一个列值或一个基于列值的表达式并返回一个整数值，然后通过 `VALUES IN(value_list)` 定义每个分区，其中 `value_list` 是一个以逗号分隔的整数列表。

> **注意**
>
> 在MySQL 8.0中，当通过 `LIST` 进行分区时，可以仅匹配整数列表 ( 并且可能是 `NULL`  — 参见 [第23.2.7节"MySQL分区如何处理NULL"](https://dev.mysql.com/doc/refman/8.0/en/partitioning-handling-nulls.html) )。
>
> 但是，当使用 `LIST COLUMN` 分区时，可以在值列表中使用其他列类型，这将在本节后面介绍。

与范围定义的分区的情况不同，列表分区不需要以任何特定顺序声明。有关更详细的语法信息，请参见 [第13.1.20节"CREATE TABLE语法](https://dev.mysql.com/doc/refman/8.0/en/create-table.html)。

对于下面的示例，我们假设要分区的表的基本定义由此处显示的 [`CREATE TABLE`](https://dev.mysql.com/doc/refman/8.0/en/create-table.html) 语句提供 :

```sql
CREATE TABLE employees (
    id INT NOT NULL,
    fname VARCHAR(30),
    lname VARCHAR(30),
    hired DATE NOT NULL DEFAULT '1970-01-01',
    separated DATE NOT NULL DEFAULT '9999-12-31',
    job_code INT,
    store_id INT
);
```

( 这是与 [第23.2.1节"范围分区"](https://dev.mysql.com/doc/refman/8.0/en/partitioning-range.html) 中的示例的基础相同的表。与其他分区示例一样，我们假设 [`default_storage_engine`](https://dev.mysql.com/doc/refman/8.0/en/server-system-variables.html#sysvar_default_storage_engine) 是 `InnoDB`。 )

假设在4个特许经营店中分布有20个视频商店，如下表所示。

| Region  | **Store ID Numbers** |
| ------- | -------------------- |
| North   | 3, 5, 6, 9, 17       |
| East    | 1, 2, 10, 11, 19, 20 |
| West    | 4, 12, 13, 14, 18    |
| Central | 7, 8, 15, 16         |

要以属于同一区域的存储的行存储在同一分区中的方式对此表进行分区，可以使用此处显示的 [`CREATE TABLE`](https://dev.mysql.com/doc/refman/8.0/en/create-table.html) 语句 :

```sql
CREATE TABLE employees (
    id INT NOT NULL,
    fname VARCHAR(30),
    lname VARCHAR(30),
    hired DATE NOT NULL DEFAULT '1970-01-01',
    separated DATE NOT NULL DEFAULT '9999-12-31',
    job_code INT,
    store_id INT
)
PARTITION BY LIST(store_id) (
    PARTITION pNorth VALUES IN (3,5,6,9,17),
    PARTITION pEast VALUES IN (1,2,10,11,19,20),
    PARTITION pWest VALUES IN (4,12,13,14,18),
    PARTITION pCentral VALUES IN (7,8,15,16)
);
```

这样可以轻松地将与特定区域相关的员工记录添加到表中或从表中删除。例如，假设西部地区的所有商店都出售给另一家公司。在MySQL 8.0中，可以使用查询 `ALTER TABLE employees TRUNCATE PARTITION pWest` 删除与在该区域中的商店工作的员工相关的所有行，这可以比等效的 [`DELETE`](https://dev.mysql.com/doc/refman/8.0/en/delete.html) 语句更有效地执行 `DELETE FROM employees WHERE store_id IN (4,12,13,14,18)`。 ( 使用 `ALTER TABLE员工DROP PARTITION pWest` 也会删除所有这些行，但也会从表的定义中删除分区 `pWest`；您需要使用 `ALTER TABLE ... ADD PARTITION` 语句来恢复表的原始分区方案。)

与 `RANGE` 分区一样，可以将 `LIST` 分区与散列或密钥分区相结合，以生成复合分区 ( 子分区 )。请参见 [第23.2.6节"子分区"](https://dev.mysql.com/doc/refman/8.0/en/partitioning-subpartitions.html)。

与RANGE分区的情况不同，没有包含所有值，例如 `MAXVALUE`；分区表达式的所有预期值都应在 `PARTITION ... VALUES IN(...)` 子句中介绍。包含不匹配的分区列值的 [`INSERT`](https://dev.mysql.com/doc/refman/8.0/en/insert.html) 语句将失败并显示错误，如以下示例所示 :

```sql
mysql> CREATE TABLE h2 (
    ->   c1 INT,
    ->   c2 INT
    -> )
    -> PARTITION BY LIST(c1) (
    ->   PARTITION p0 VALUES IN (1, 4, 7),
    ->   PARTITION p1 VALUES IN (2, 5, 8)
    -> );
Query OK, 0 rows affected (0.11 sec)

mysql> INSERT INTO h2 VALUES (3, 5);
ERROR 1525 (HY000): Table has no partition for value 3
```

当使用单个 [`INSERT`](https://dev.mysql.com/doc/refman/8.0/en/insert.html) 语句将多行插入单个 [`InnoDB`](https://dev.mysql.com/doc/refman/8.0/en/innodb-storage-engine.html) 表时，`InnoDB` 将该语句视为单个事务，因此任何不匹配值的存在都会导致语句完全失败，因此不会插入任何行。

您可以使用 `IGNORE` 关键字忽略此类错误。如果这样做，则不会插入包含不匹配的分区列值的行，但会插入具有匹配值的任何行，并且不会报告任何错误 :

```sql
mysql> TRUNCATE h2;
Query OK, 1 row affected (0.00 sec)

mysql> SELECT * FROM h2;
Empty set (0.00 sec)

mysql> INSERT IGNORE INTO h2 VALUES (2, 5), (6, 10), (7, 5), (3, 1), (1, 9);
Query OK, 3 rows affected (0.00 sec)
Records: 5  Duplicates: 2  Warnings: 0

mysql> SELECT * FROM h2;
+------+------+
| c1   | c2   |
+------+------+
|    7 |    5 |
|    1 |    9 |
|    2 |    5 |
+------+------+
3 rows in set (0.00 sec)
```

MySQL 8.0还提供对 `LIST COLUMNS` 分区的支持，它是 `LIST` 分区的一种变体，它允许您使用除整数类型之外的类型列来分区列，并使用多列作为分区键。有关更多信息，请参见 [第23.2.3.2节"列表列分区"](https://dev.mysql.com/doc/refman/8.0/en/partitioning-columns-list.html)。