### 23.3.3 与表交换分区和子分区

在MySQL 8.0中，可以使用 `ALTER TABLE pt EXCHANGE PARTITION p WITH TABLE nt` 将表分区或子分区与表交换，其中 `pt` 是分区表，`p` 是要与未分区表 `nt` 交换的 `pt` 的分区或子分区 ，只要满足以下陈述 :

1. 表 `nt` 本身不是分区的。
2. 表 `nt` 不是临时表。
3. 表 `pt` 和 `nt` 的结构在其他方面是相同的。
4. 表 `nt` 不包含外键引用，并且没有其他表具有引用 `nt` 的任何外键。
5. `nt` 中没有位于 `p` 的分区定义边界之外的行。如果使用 `WITHOUT VALIDATION`，则此条件不适用。
6. 对于 `InnoDB` 表，两个表都使用相同的行格式 ( row format )。要确定 `InnoDB` 表的行格式，请查询 [`INFORMATION_SCHEMA.INNODB_TABLES`](https://dev.mysql.com/doc/refman/8.0/en/innodb-tables-table.html)。
7. `nt` 没有使用 `DATA DIRECTORY` 选项的任何分区。对于mysql 8.0.14及更高版本中的 `innodb` 表，取消了此限制。

除了 [`ALTER TABLE`](https://dev.mysql.com/doc/refman/8.0/en/alter-table.html) 语句通常需要的 [`ALTER`](https://dev.mysql.com/doc/refman/8.0/en/privileges-provided.html#priv_alter)、[`INSERT`](https://dev.mysql.com/doc/refman/8.0/en/privileges-provided.html#priv_insert) 和 [`CREATE`](https://dev.mysql.com/doc/refman/8.0/en/privileges-provided.html#priv_create) 权限之外，还必须具有 [`DROP`](https://dev.mysql.com/doc/refman/8.0/en/privileges-provided.html#priv_drop) 权限才能执行 [`ALTER TABLE ... EXCHANGE PARTITION`](https://dev.mysql.com/doc/refman/8.0/en/alter-table.html)。

您还应该了解 [`ALTER TABLE ... EXCHANGE PARTITION`](https://dev.mysql.com/doc/refman/8.0/en/alter-table.html) 的以下效果 :

- 执行 [`ALTER TABLE ... EXCHANGE PARTITION`](https://dev.mysql.com/doc/refman/8.0/en/alter-table.html) 不会在分区表或要交换的表上调用任何触发器。
- 交换表中的任何 `AUTO_INCREMENT` 列都将重置。
- 与 `ALTER TABLE ... EXCHANGE PARTITION` 一起使用时，`IGNORE` 关键字无效。

此处显示 [`ALTER TABLE ... EXCHANGE PARTITION`](https://dev.mysql.com/doc/refman/8.0/en/alter-table.html) 的语法，其中 `pt` 是分区表，`p` 是要交换的分区 ( 或子分区 )，`nt` 是要与 `p` 交换的非分区表 :

```sql
ALTER TABLE pt
    EXCHANGE PARTITION p
    WITH TABLE nt;
```

或者，您可以附加 `WITH VALIDATION` 或 `WITHOUT VALIDATION`。指定 `WITHOUT VALIDATION` 时，[`ALTER TABLE ... EXCHANGE PARTITION`](https://dev.mysql.com/doc/refman/8.0/en/alter-table.html) 操作在将分区更换为非分区表时不执行任何逐行验证，从而允许数据库管理员负责确保行在分区定义的边界内。`WITH VALIDATION` 是默认值。

可以在单个 [`ALTER TABLE EXCHANGE PARTITION`](https://dev.mysql.com/doc/refman/8.0/en/alter-table.html) 语句中与一个且仅一个非分区表交换一个且仅一个分区或子分区。要交换多个分区或子分区，请使用多个 [`ALTER TABLE EXCHANGE PARTITION`](https://dev.mysql.com/doc/refman/8.0/en/alter-table.html) 语句。`EXCHANGE PARTITION` 不能与其他 [`ALTER TABLE`](https://dev.mysql.com/doc/refman/8.0/en/alter-table.html) 选项组合使用。分区表使用的分区和 ( 如果适用 ) 子分区可以是MySQL 8.0中支持的任何类型。

**与非分区表交换分区**

假设已使用以下SQL语句创建并填充分区表 `e` :

```sql
CREATE TABLE e (
    id INT NOT NULL,
    fname VARCHAR(30),
    lname VARCHAR(30)
)
    PARTITION BY RANGE (id) (
        PARTITION p0 VALUES LESS THAN (50),
        PARTITION p1 VALUES LESS THAN (100),
        PARTITION p2 VALUES LESS THAN (150),
        PARTITION p3 VALUES LESS THAN (MAXVALUE)
);

INSERT INTO e VALUES
    (1669, "Jim", "Smith"),
    (337, "Mary", "Jones"),
    (16, "Frank", "White"),
    (2005, "Linda", "Black");
```

现在我们创建一个名为 `e2` 的 `e` 的非分区副本。这可以使用 [mysql](https://dev.mysql.com/doc/refman/8.0/en/mysql.html) 客户端完成，如下所示 :

```sql
mysql> CREATE TABLE e2 LIKE e;
Query OK, 0 rows affected (0.04 sec)

mysql> ALTER TABLE e2 REMOVE PARTITIONING;
Query OK, 0 rows affected (0.07 sec)
Records: 0  Duplicates: 0  Warnings: 0
```

您可以通过查询 [`INFORMATION_SCHEMA.PARTITIONS`](https://dev.mysql.com/doc/refman/8.0/en/partitions-table.html) 表来查看表 `e` 中的哪些分区包含行，如下所示 :

```sql
mysql> SELECT PARTITION_NAME, TABLE_ROWS
           FROM INFORMATION_SCHEMA.PARTITIONS
           WHERE TABLE_NAME = 'e';
+----------------+------------+
| PARTITION_NAME | TABLE_ROWS |
+----------------+------------+
| p0             |          1 |
| p1             |          0 |
| p2             |          0 |
| p3             |          3 |
+----------------+------------+
2 rows in set (0.00 sec)
```

> **注意**
>
> 对于分区的 `InnoDB` 表，[`INFORMATION_SCHEMA.PARTITIONS`](https://dev.mysql.com/doc/refman/8.0/en/partitions-table.html) 表的 `TABLE_ROWS` 列中给出的行计数仅是SQL优化中使用的估计值，并不总是精确的。

要将表 `e` 中的分区 `p0` 与表 `e2` 交换，可以使用 [`ALTER TABLE`](https://dev.mysql.com/doc/refman/8.0/en/alter-table-partition-operations.html)，如下所示 :

```sql
mysql> ALTER TABLE e EXCHANGE PARTITION p0 WITH TABLE e2;
Query OK, 0 rows affected (0.04 sec)
```

更确切地说，刚刚发出的语句会导致分区中找到的任何行与表中找到的行交换。您可以像以前一样通过查询 [`INFORMATION_SCHEMA.PARTITIONS`](https://dev.mysql.com/doc/refman/8.0/en/partitions-table.html) 表来观察这是如何发生的。先前在分区 `p0` 中找到的表行不再存在 :

```sql
mysql> SELECT PARTITION_NAME, TABLE_ROWS
           FROM INFORMATION_SCHEMA.PARTITIONS
           WHERE TABLE_NAME = 'e';
+----------------+------------+
| PARTITION_NAME | TABLE_ROWS |
+----------------+------------+
| p0             |          0 |
| p1             |          0 |
| p2             |          0 |
| p3             |          3 |
+----------------+------------+
4 rows in set (0.00 sec)
```

如果查询表 `e2`，您可以看到现在可以在那里找到"缺失"行 :

```sql
mysql> SELECT * FROM e2;
+----+-------+-------+
| id | fname | lname |
+----+-------+-------+
| 16 | Frank | White |
+----+-------+-------+
1 row in set (0.00 sec)
```

要与分区交换的表不一定必须为空。为了演示这一点，我们首先在表 `e` 中插入一个新行，通过选择小于50的 `id` 列值确保该行存储在分区 `p0` 中，然后通过查询 [`PARTITIONS`](https://dev.mysql.com/doc/refman/8.0/en/partitions-table.html) 表来验证此行 :

```sql
mysql> INSERT INTO e VALUES (41, "Michael", "Green");            
Query OK, 1 row affected (0.05 sec)                              

mysql> SELECT PARTITION_NAME, TABLE_ROWS
           FROM INFORMATION_SCHEMA.PARTITIONS
           WHERE TABLE_NAME = 'e';            
+----------------+------------+             
| PARTITION_NAME | TABLE_ROWS |             
+----------------+------------+             
| p0             |          1 |             
| p1             |          0 |             
| p2             |          0 |             
| p3             |          3 |             
+----------------+------------+             
4 rows in set (0.00 sec)
```

现在我们再次使用与先前相同的 [`ALTER TABLE`](https://dev.mysql.com/doc/refman/8.0/en/alter-table-partition-operations.html) 语句将表 `p0` 与表 `e2` 交换 :

```sql
mysql> ALTER TABLE e EXCHANGE PARTITION p0 WITH TABLE e2;
Query OK, 0 rows affected (0.28 sec)
```

以下查询的输出显示，在发出 [`ALTER TABLE`](https://dev.mysql.com/doc/refman/8.0/en/alter-table-partition-operations.html) 语句之前，存储在分区 `p0` 中的表行和存储在表 ` e2 ` 中的表行现在已切换位置 :

```sql
mysql> SELECT * FROM e;
+------+-------+-------+
| id   | fname | lname |
+------+-------+-------+
|   16 | Frank | White |
| 1669 | Jim   | Smith |
|  337 | Mary  | Jones |
| 2005 | Linda | Black |
+------+-------+-------+
4 rows in set (0.00 sec)

mysql> SELECT PARTITION_NAME, TABLE_ROWS
           FROM INFORMATION_SCHEMA.PARTITIONS
           WHERE TABLE_NAME = 'e';
+----------------+------------+
| PARTITION_NAME | TABLE_ROWS |
+----------------+------------+
| p0             |          1 |
| p1             |          0 |
| p2             |          0 |
| p3             |          3 |
+----------------+------------+
4 rows in set (0.00 sec)

mysql> SELECT * FROM e2;
+----+---------+-------+
| id | fname   | lname |
+----+---------+-------+
| 41 | Michael | Green |
+----+---------+-------+
1 row in set (0.00 sec)
```

**不匹配的行**

您应该记住，在发出 [`ALTER TABLE ... EXCHANGE PARTITION`](https://dev.mysql.com/doc/refman/8.0/en/alter-table.html) 语句之前在非分区表中找到的任何行必须满足它们存储在目标分区中所需的条件。否则声明失败。要查看这是如何发生的，首先在 `e2` 中插入一行，该行位于表 `e` 的分区 `p0` 的分区定义边界之外。例如，插入 `id` 列值太大的行；然后，尝试再次与分区交换表 :

```sql
mysql> INSERT INTO e2 VALUES (51, "Ellen", "McDonald");
Query OK, 1 row affected (0.08 sec)

mysql> ALTER TABLE e EXCHANGE PARTITION p0 WITH TABLE e2;
ERROR 1707 (HY000): Found row that does not match the partition
```

只有 `WITHOUT VALIDATION` 选项才允许此操作成功 :

```sql
mysql> ALTER TABLE e EXCHANGE PARTITION p0 WITH TABLE e2 WITHOUT VALIDATION;
Query OK, 0 rows affected (0.02 sec)
```

当分区与包含与分区定义不匹配的行的表交换时，数据库管理员有责任修复不匹配的行，这可以使用 [`REPAIR TABLE`](https://dev.mysql.com/doc/refman/8.0/en/repair-table.html) 或 [`ALTER TABLE ... REPAIR PARTITION`](https://dev.mysql.com/doc/refman/8.0/en/alter-table-partition-operations.html) 执行。

**在没有逐行验证的情况下交换分区**

为了避免在使用具有多行的表交换分区时进行耗时的验证，可以通过将 `WITHOUT VALIDATION` 附加到 [`ALTER TABLE ... EXCHANGE PARTITION`](https://dev.mysql.com/doc/refman/8.0/en/alter-table-partition-operations.html) 语句来跳过逐行验证步骤。

下面的示例比较了带验证和不带验证的非分区表交换分区时执行时间之间的差异。分区表 `e` 包含两个分区，每个分区有100万行。删除表 `e` 的 `p0` 中的行，并将 `p0` 与100万行的非分区表交换。`WITH VALIDATION` 操作需要0.74秒。相比之下，`WITHOUT VALIDATION` 操作需要0.01秒。

```sql
# Create a partitioned table with 1 million rows in each partition

CREATE TABLE e (
    id INT NOT NULL,
    fname VARCHAR(30),
    lname VARCHAR(30)
)
    PARTITION BY RANGE (id) (
        PARTITION p0 VALUES LESS THAN (1000001),
        PARTITION p1 VALUES LESS THAN (2000001),
);

mysql> SELECT COUNT(*) FROM e;                                             
| COUNT(*) |
+----------+
|  2000000 |
+----------+
1 row in set (0.27 sec)

# View the rows in each partition

SELECT PARTITION_NAME, TABLE_ROWS FROM INFORMATION_SCHEMA.PARTITIONS WHERE TABLE_NAME = 'e';
+----------------+-------------+
| PARTITION_NAME | TABLE_ROWS  |
+----------------+-------------+
| p0             |     1000000 |
| p1             |     1000000 |
+----------------+-------------+
2 rows in set (0.00 sec)

# Create a nonpartitioned table of the same structure and populate it with 1 million rows

CREATE TABLE e2 (
    id INT NOT NULL,
    fname VARCHAR(30),
    lname VARCHAR(30)
);

mysql> SELECT COUNT(*) FROM e2;
+----------+
| COUNT(*) |
+----------+
|  1000000 |
+----------+
1 row in set (0.24 sec)

# Create another nonpartitioned table of the same structure and populate it with 1 million rows

CREATE TABLE e3 (
    id INT NOT NULL,
    fname VARCHAR(30),
    lname VARCHAR(30)
);
    
mysql> SELECT COUNT(*) FROM e3;
+----------+
| COUNT(*) |
+----------+
|  1000000 |
+----------+
1 row in set (0.25 sec)

# Drop the rows from p0 of table e

mysql> DELETE FROM e WHERE id < 1000001;
Query OK, 1000000 rows affected (5.55 sec)

# Confirm that there are no rows in partition p0

mysql> SELECT PARTITION_NAME, TABLE_ROWS FROM INFORMATION_SCHEMA.PARTITIONS WHERE TABLE_NAME = 'e';
+----------------+------------+
| PARTITION_NAME | TABLE_ROWS |
+----------------+------------+
| p0             |          0 |
| p1             |    1000000 |
+----------------+------------+
2 rows in set (0.00 sec)
    
# Exchange partition p0 of table e with the table e2 'WITH VALIDATION'

mysql> ALTER TABLE e EXCHANGE PARTITION p0 WITH TABLE e2 WITH VALIDATION;
Query OK, 0 rows affected (0.74 sec)

# Confirm that the partition was exchanged with table e2

mysql> SELECT PARTITION_NAME, TABLE_ROWS FROM INFORMATION_SCHEMA.PARTITIONS WHERE TABLE_NAME = 'e';
+----------------+------------+
| PARTITION_NAME | TABLE_ROWS |
+----------------+------------+
| p0             |    1000000 |
| p1             |    1000000 |
+----------------+------------+
2 rows in set (0.00 sec)

# Once again, drop the rows from p0 of table e

mysql> DELETE FROM e WHERE id < 1000001;
Query OK, 1000000 rows affected (5.55 sec)

# Confirm that there are no rows in partition p0

mysql> SELECT PARTITION_NAME, TABLE_ROWS FROM INFORMATION_SCHEMA.PARTITIONS WHERE TABLE_NAME = 'e';
+----------------+------------+
| PARTITION_NAME | TABLE_ROWS |
+----------------+------------+
| p0             |          0 |
| p1             |    1000000 |
+----------------+------------+
2 rows in set (0.00 sec)

# Exchange partition p0 of table e with the table e3 'WITHOUT VALIDATION'

mysql> ALTER TABLE e EXCHANGE PARTITION p0 WITH TABLE e3 WITHOUT VALIDATION;
Query OK, 0 rows affected (0.01 sec)

# Confirm that the partition was exchanged with table e3

mysql> SELECT PARTITION_NAME, TABLE_ROWS FROM INFORMATION_SCHEMA.PARTITIONS WHERE TABLE_NAME = 'e';
+----------------+------------+
| PARTITION_NAME | TABLE_ROWS |
+----------------+------------+
| p0             |    1000000 |
| p1             |    1000000 |
+----------------+------------+
2 rows in set (0.00 sec)
```

如果使用包含与分区定义不匹配的行的表交换分区，则数据库管理员有责任修复不匹配的行，这可以使用 [`REPAIR TABLE`](https://dev.mysql.com/doc/refman/8.0/en/repair-table.html) 或 [`ALTER TABLE ... REPAIR PARTITION`](https://dev.mysql.com/doc/refman/8.0/en/alter-table-partition-operations.html) 执行。

**使用非分区表交换子分区**

您还可以使用 [`ALTER TABLE ... EXCHANGE PARTITION`](https://dev.mysql.com/doc/refman/8.0/en/alter-table.html) 语句将子分区表的子分区  ( 请参见 [第23.2.6节"子分区"](https://dev.mysql.com/doc/refman/8.0/en/partitioning-subpartitions.html) ) 与非分区表交换。在下面的示例中，我们首先创建一个由 `RANGE` 分区并由 `KEY` 子分区的表 `es`，在表 `e` 中填充此表，然后创建该表的一个空的、未分区的副本 `es2`，如下所示 :

```sql
mysql> CREATE TABLE es (
    ->     id INT NOT NULL,
    ->     fname VARCHAR(30),
    ->     lname VARCHAR(30)
    -> )
    ->     PARTITION BY RANGE (id)
    ->     SUBPARTITION BY KEY (lname)
    ->     SUBPARTITIONS 2 (
    ->         PARTITION p0 VALUES LESS THAN (50),
    ->         PARTITION p1 VALUES LESS THAN (100),
    ->         PARTITION p2 VALUES LESS THAN (150),
    ->         PARTITION p3 VALUES LESS THAN (MAXVALUE)
    ->     );
Query OK, 0 rows affected (2.76 sec)

mysql> INSERT INTO es VALUES
    ->     (1669, "Jim", "Smith"),
    ->     (337, "Mary", "Jones"),
    ->     (16, "Frank", "White"),
    ->     (2005, "Linda", "Black");
Query OK, 4 rows affected (0.04 sec)
Records: 4  Duplicates: 0  Warnings: 0

mysql> CREATE TABLE es2 LIKE es;
Query OK, 0 rows affected (1.27 sec)

mysql> ALTER TABLE es2 REMOVE PARTITIONING;
Query OK, 0 rows affected (0.70 sec)
Records: 0  Duplicates: 0  Warnings: 0
```

虽然我们在创建表格时没有明确命名任何子分区，但是我们可以通过在从该表中选择时包含 `INFORMATION_SCHEMA` 中 [`PARTITIONS`](https://dev.mysql.com/doc/refman/8.0/en/partitions-table.html) 表的 `SUBPARTITION_NAME` 列来获取这些子类的生成名称，如下所示 :

```sql
mysql> SELECT PARTITION_NAME, SUBPARTITION_NAME, TABLE_ROWS
    ->     FROM INFORMATION_SCHEMA.PARTITIONS
    ->     WHERE TABLE_NAME = 'es';
+----------------+-------------------+------------+
| PARTITION_NAME | SUBPARTITION_NAME | TABLE_ROWS |
+----------------+-------------------+------------+
| p0             | p0sp0             |          1 |
| p0             | p0sp1             |          0 |
| p1             | p1sp0             |          0 |
| p1             | p1sp1             |          0 |
| p2             | p2sp0             |          0 |
| p2             | p2sp1             |          0 |
| p3             | p3sp0             |          3 |
| p3             | p3sp1             |          0 |
+----------------+-------------------+------------+
8 rows in set (0.00 sec)
```

以下 [`ALTER TABLE`](https://dev.mysql.com/doc/refman/8.0/en/alter-table-partition-operations.html) 语句将表 `es` 中的子分区 `p3sp0` 与非分区表 `es2` 进行交换 :

```sql
mysql> ALTER TABLE es EXCHANGE PARTITION p3sp0 WITH TABLE es2;
Query OK, 0 rows affected (0.29 sec)
```

您可以通过发出以下查询来验证是否已交换行 :

```sql
mysql> SELECT PARTITION_NAME, SUBPARTITION_NAME, TABLE_ROWS
    ->     FROM INFORMATION_SCHEMA.PARTITIONS
    ->     WHERE TABLE_NAME = 'es';
+----------------+-------------------+------------+
| PARTITION_NAME | SUBPARTITION_NAME | TABLE_ROWS |
+----------------+-------------------+------------+
| p0             | p0sp0             |          1 |
| p0             | p0sp1             |          0 |
| p1             | p1sp0             |          0 |
| p1             | p1sp1             |          0 |
| p2             | p2sp0             |          0 |
| p2             | p2sp1             |          0 |
| p3             | p3sp0             |          0 |
| p3             | p3sp1             |          0 |
+----------------+-------------------+------------+
8 rows in set (0.00 sec)

mysql> SELECT * FROM es2;
+------+-------+-------+
| id   | fname | lname |
+------+-------+-------+
| 1669 | Jim   | Smith |
|  337 | Mary  | Jones |
| 2005 | Linda | Black |
+------+-------+-------+
3 rows in set (0.00 sec)
```

如果表是子分区的，则只能使用未分区的表交换表的子分区 ( 而不是整个分区 )，如下所示 :

```sql
mysql> ALTER TABLE es EXCHANGE PARTITION p3 WITH TABLE es2;
ERROR 1704 (HY000): Subpartitioned table, use subpartition instead of partition
```

表结构以严格的方式进行比较；分区表和非分区表的列和索引的数量，顺序，名称和类型必须完全匹配。此外，两个表必须使用相同的存储引擎 :

```sql
mysql> CREATE TABLE es3 LIKE e;
Query OK, 0 rows affected (1.31 sec)

mysql> ALTER TABLE es3 REMOVE PARTITIONING;
Query OK, 0 rows affected (0.53 sec)
Records: 0  Duplicates: 0  Warnings: 0

mysql> SHOW CREATE TABLE es3\G
*************************** 1. row ***************************
       Table: es3
Create Table: CREATE TABLE `es3` (
  `id` int(11) NOT NULL,
  `fname` varchar(30) DEFAULT NULL,
  `lname` varchar(30) DEFAULT NULL
) ENGINE=InnoDB DEFAULT CHARSET=utf8mb4
1 row in set (0.00 sec)

mysql> ALTER TABLE es3 ENGINE = MyISAM;
Query OK, 0 rows affected (0.15 sec)
Records: 0  Duplicates: 0  Warnings: 0

mysql> ALTER TABLE es EXCHANGE PARTITION p3sp0 WITH TABLE es3;
ERROR 1497 (HY000): The mix of handlers in the partitions is not allowed in this version of MySQL
```

