## 23.6 分区的限制和局限性 {docsify-ignore}

- [23.6.1 分区键，主键和唯一键](https://dev.mysql.com/doc/refman/8.0/en/partitioning-limitations-partitioning-keys-unique-keys.html)
- [23.6.2 分区与存储引擎相关的限制](https://dev.mysql.com/doc/refman/8.0/en/partitioning-limitations-storage-engines.html)
- [23.6.3 与函数相关的分区限制](https://dev.mysql.com/doc/refman/8.0/en/partitioning-limitations-functions.html)

本节讨论当前对MySQL分区支持的限制和局限性。

**禁止的结构。**分区表达式中不允许使用以下结构 :

- 存储过程，存储函数，UDF或插件。
- 声明变量或用户变量。

有关分区表达式中允许的SQL函数列表，请参见 [第23.6.3节"分区与函数相关的限制"](https://dev.mysql.com/doc/refman/8.0/en/partitioning-limitations-functions.html)。

**算术和逻辑运算符。**在分区表达式中允许使用算术运算符 [`+`](https://dev.mysql.com/doc/refman/8.0/en/arithmetic-functions.html#operator_plus)、[`-`](https://dev.mysql.com/doc/refman/8.0/en/arithmetic-functions.html#operator_minus) 和 [`*`](https://dev.mysql.com/doc/refman/8.0/en/arithmetic-functions.html#operator_times)。但是，结果必须是整数值或 `NULL` ( `)[LINEAR] KEY` 分区除外，如本章其他部分所述;有关更多信息，请参见 [第23.2节"分区类型"](https://dev.mysql.com/doc/refman/8.0/en/partitioning-types.html) )。

还支持 [`DIV`](https://dev.mysql.com/doc/refman/8.0/en/arithmetic-functions.html#operator_div) 运算符；不允许使用 [`/`](https://dev.mysql.com/doc/refman/8.0/en/arithmetic-functions.html#operator_divide) 运算符。

分区表达式中不允许使用位运算符 [`|`](https://dev.mysql.com/doc/refman/8.0/en/bit-functions.html#operator_bitwise-or)、[`＆`](https://dev.mysql.com/doc/refman/8.0/en/bit-functions.html#operator_bitwise-and)、[`^`](https://dev.mysql.com/doc/refman/8.0/en/bit-functions.html#operator_bitwise-xor)、[`<<`](https://dev.mysql.com/doc/refman/8.0/en/bit-functions.html#operator_left-shift)、[`>>`](https://dev.mysql.com/doc/refman/8.0/en/bit-functions.html#operator_right-shift) 和 [`~`](https://dev.mysql.com/doc/refman/8.0/en/bit-functions.html#operator_bitwise-invert)。

**服务器SQL模式。**使用用户定义分区的表不会保留在创建它们时生效的SQL模式。如本手册其他部分所述 ( 请参见 [第5.1.11节"服务器SQL模式"](https://dev.mysql.com/doc/refman/8.0/en/sql-mode.html) )，许多MySQL函数和运算符的结果可能会根据服务器SQL模式而更改。因此，在创建分区表后随时更改SQL模式可能会导致此类表的行为发生重大更改，并且很容易导致数据损坏或丢失。出于这些原因，*强烈建议您在创建分区表后永远不要更改服务器SQL模式。*

**示例。**以下示例说明了由于服务器SQL模式的更改而导致分区表行为的一些更改 :

1. **错误处理。**正如其他地方所讨论的，处理"特殊”值 （ 如零和 `NULL` ) 在不同的服务器SQL模式之间可能会有所不 ( 请参见 [第5.1.11节"服务器SQL模式"](https://dev.mysql.com/doc/refman/8.0/en/sql-mode.html)" )。例如，[`ERROR_FOR_DIVISION_BY_ZERO`](https://dev.mysql.com/doc/refman/8.0/en/sql-mode.html#sqlmode_error_for_division_by_zero) 可以影响是否可以将0作为值插入到其分区表达式使用列 `DIV` 值或列 `MOD` 值的表中。

2. **表可访问性。**有时，服务器SQL模式的更改可能会使分区表无法使用。仅当 [`NO_UNSIGNED_SUBTRACTION`](https://dev.mysql.com/doc/refman/8.0/en/sql-mode.html#sqlmode_no_unsigned_subtraction) 模式生效时，才能成功执行以下 [`CREATE TABLE`](https://dev.mysql.com/doc/refman/8.0/en/create-table.html) 语句 :

   ```sql
   mysql> SELECT @@sql_mode;
   +------------+
   | @@sql_mode |
   +------------+
   |            |
   +------------+
   1 row in set (0.00 sec)
   
   mysql> CREATE TABLE tu (c1 BIGINT UNSIGNED)
       ->   PARTITION BY RANGE(c1 - 10) (
       ->     PARTITION p0 VALUES LESS THAN (-5),
       ->     PARTITION p1 VALUES LESS THAN (0),
       ->     PARTITION p2 VALUES LESS THAN (5),
       ->     PARTITION p3 VALUES LESS THAN (10),
       ->     PARTITION p4 VALUES LESS THAN (MAXVALUE)
       -> );
   ERROR 1563 (HY000): Partition constant is out of partition function domain
   
   mysql> SET sql_mode='NO_UNSIGNED_SUBTRACTION';
   Query OK, 0 rows affected (0.00 sec)
   
   mysql> SELECT @@sql_mode;
   +-------------------------+
   | @@sql_mode              |
   +-------------------------+
   | NO_UNSIGNED_SUBTRACTION |
   +-------------------------+
   1 row in set (0.00 sec)
   
   mysql> CREATE TABLE tu (c1 BIGINT UNSIGNED)
       ->   PARTITION BY RANGE(c1 - 10) (
       ->     PARTITION p0 VALUES LESS THAN (-5),
       ->     PARTITION p1 VALUES LESS THAN (0),
       ->     PARTITION p2 VALUES LESS THAN (5),
       ->     PARTITION p3 VALUES LESS THAN (10),
       ->     PARTITION p4 VALUES LESS THAN (MAXVALUE)
       -> );
   Query OK, 0 rows affected (0.05 sec)
   ```

   如果在创建tu后删除 [`NO_UNSIGNED_SUBTRACTION`](https://dev.mysql.com/doc/refman/8.0/en/sql-mode.html#sqlmode_no_unsigned_subtraction) 服务器SQL模式，则可能无法再访问此表 :

   ```sql
   mysql> SET sql_mode='';
   Query OK, 0 rows affected (0.00 sec)
   
   mysql> SELECT * FROM tu;
   ERROR 1563 (HY000): Partition constant is out of partition function domain
   mysql> INSERT INTO tu VALUES (20);
   ERROR 1563 (HY000): Partition constant is out of partition function domain
   ```

   另请参见 [第5.1.11节"服务器SQL模式"](https://dev.mysql.com/doc/refman/8.0/en/sql-mode.html)。

服务器SQL模式也会影响分区表的复制。主服务器和从服务器上的不同SQL模式可能导致分区表达式的计算方式不同；这可能导致分区之间的数据分布在给定表的主服务器和从服务器副本中不同，甚至可能导致插入到主服务器上成功的分区表中从服务器上失败。为获得最佳结果，应始终在主服务器和从服务器上使用相同的服务器SQL模式。

**性能考虑因素。**以下列表给出了分区操作对性能的一些影响 :

- **文件系统操作。**分区和重新分区操作（例如 [`ALTER TABLE`](https://dev.mysql.com/doc/refman/8.0/en/alter-table-partition-operations.html) with `PARTITION BY ...，REORGANIZE PARTITION` 或 `REMOVE PARTITIONING` ) 取决于文件系统操作的实现。这意味着这些操作的速度受诸如文件系统类型和特征，磁盘速度，交换空间，操作系统的文件处理效率以及与服务器处理相关的MySQL服务器选项和变量等因素的影响。特别是，您应该确保启用了 [`large_files_support`](https://dev.mysql.com/doc/refman/8.0/en/server-system-variables.html#sysvar_large_files_support) 并且正确设置了 [`open_files_limit`](https://dev.mysql.com/doc/refman/8.0/en/server-system-variables.html#sysvar_open_files_limit)。通过启用 [`innodb_file_per_table`](https://dev.mysql.com/doc/refman/8.0/en/innodb-parameters.html#sysvar_innodb_file_per_table)，可以提高涉及 `InnoDB` 表的分区和重分区操作的效率。

  另请参见 [最大分区数](https://dev.mysql.com/doc/refman/8.0/en/partitioning-limitations.html#partitioning-limitations-max-partitions)。

- **表锁。**通常，对表执行分区操作的进程会对表执行写锁定。这些表中的读数相对不受影响；一旦分区操作完成，就执行挂起的 [`INSERT`](https://dev.mysql.com/doc/refman/8.0/en/insert.html) 和 [`UPDATE`](https://dev.mysql.com/doc/refman/8.0/en/update.html) 操作。有关此限制的 `InnoDB` 特定异常，请参阅 [分区操作](https://dev.mysql.com/doc/refman/8.0/en/innodb-online-ddl-operations.html#online-ddl-partitioning)。

- **索引，分区修剪。**与非分区表一样，正确使用索引可以显着加快对分区表的查询速度。此外，在这些表上设计分区表和查询以利用分区修剪可以显着提高性能。有关更多信息，请参见 [第23.4节"分区修剪"](https://dev.mysql.com/doc/refman/8.0/en/partitioning-pruning.html)。

  分区表支持索引条件下推。请参见 [第8.2.1.5节"索引条件下推优化"](https://dev.mysql.com/doc/refman/8.0/en/index-condition-pushdown-optimization.html)。

- **使用LOAD DATA的性能。**在MySQL 8.0中，[`LOAD DATA`](https://dev.mysql.com/doc/refman/8.0/en/load-data.html) 使用缓冲来提高性能。您应该知道缓冲区每个分区使用130 KB内存来实现此目的。

**最大分区数。**不使用 [`NDB`](https://dev.mysql.com/doc/refman/8.0/en/mysql-cluster.html) 存储引擎的给定表的最大分区数为8192，此数字包括子分区。

使用 [`NDB`](https://dev.mysql.com/doc/refman/8.0/en/mysql-cluster.html) 存储引擎的表的最大可能用户定义分区数是根据所使用的NDB Cluster软件的版本，数据节点的数量和其他因素确定的。有关更多信息，请参阅 [NDB和用户定义的分区](https://dev.mysql.com/doc/refman/8.0/en/mysql-cluster-nodes-groups.html#mysql-cluster-nodes-groups-user-partitioning)。

如果在创建具有大量分区 ( 但小于最大值 ) 的表时，您会遇到来自存储引擎的错误消息，例如 `Got error ... from storage engine: Out of resources when opening file`，您可以通过增加 [`open_files_limit`](https://dev.mysql.com/doc/refman/8.0/en/server-system-variables.html#sysvar_open_files_limit) 系统变量的值来解决问题。但是这取决于操作系统，并且可能在所有平台上都不可能或不可取；有关更多信息，请参见 [第B.4.2.17节"找不到文件和类似错误"](https://dev.mysql.com/doc/refman/8.0/en/not-enough-file-handles.html)。在某些情况下，由于其他问题，使用大量 ( 数百个 ) 分区也可能不可取，因此使用更多分区不会自动产生更好的结果。

另请参见 [文件系统操作](https://dev.mysql.com/doc/refman/8.0/en/partitioning-limitations.html#partitioning-limitations-file-system-ops)。

**分区的InnoDB表不支持外键。**使用 [InnoDB](https://dev.mysql.com/doc/refman/8.0/en/innodb-storage-engine.html) 存储引擎的分区表不支持外键。更具体地说，这意味着以下两个陈述是正确的 :

1. 使用用户定义分区的 `InnoDB` 表的定义不能包含外键引用；定义包含外键引用的 `InnoDB` 表不能分区。
2. `InnoDB` 表定义不能包含对用户分区表的外键引用；具有用户定义分区的 `InnoDB` 表不能包含由外键引用的列。

刚刚列出的限制范围包括使用 `InnoDB` 存储引擎的所有表。不允许使用导致表违反这些限制的 [`CREATE TABLE`](https://dev.mysql.com/doc/refman/8.0/en/create-table-foreign-keys.html) 和 [`ALTER TABLE`](https://dev.mysql.com/doc/refman/8.0/en/alter-table.html) 语句。

**ALTER TABLE ... ORDER BY。**对分区表运行的 `ALTER TABLE ... ORDER BY` 列语句仅导致每个分区内的行排序。

**通过修改主键对REPLACE语句的影响。**在某些情况下 ( 参见 [第23.6.1节"分区键，主键和唯一键"](https://dev.mysql.com/doc/refman/8.0/en/partitioning-limitations-partitioning-keys-unique-keys.html) ) 可能需要修改表的主键。请注意，如果您的应用程序使用 [`REPLACE`](https://dev.mysql.com/doc/refman/8.0/en/replace.html) 语句并执行此操作，则可以彻底更改这些语句的结果。有关更多信息和示例，请参见 [第13.2.9节"REPLACE语法"](https://dev.mysql.com/doc/refman/8.0/en/replace.html)。

**FULLTEXT索引。**分区表不支持 `FULLTEXT` 索引或搜索。

**空间列。**具有空间数据类型 ( 如 `POINT` 或 `GEOMETRY` ) 的列不能在分区表中使用。

**临时表。**无法对临时表进行分区。

**记录表。**无法对日志表进行分区；此类表上的 [`ALTER TABLE ... PARTITION BY …`](https://dev.mysql.com/doc/refman/8.0/en/alter-table-partition-operations.html) 语句失败并显示错误。

**分区键的数据类型。**分区键必须是整数列或解析为整数的表达式。不能使用使用 [`ENUM`](https://dev.mysql.com/doc/refman/8.0/en/enum.html) 列的表达式。列或表达式值也可以为 `NULL`；请参见 [第23.2.7节"MySQL分区如何处理NULL"](https://dev.mysql.com/doc/refman/8.0/en/partitioning-handling-nulls.html)。

此限制有两个例外 :

1. 通过 `[LINEAR] KEY` 进行分区时，可以使用除 [`TEXT`](https://dev.mysql.com/doc/refman/8.0/en/blob.html) 或 [`BLOB`](https://dev.mysql.com/doc/refman/8.0/en/blob.html) 之外的任何有效MySQL数据类型的列作为分区键，因为内部键散列函数可以从这些类型生成正确的数据类型。例如，以下两个 [`CREATE TABLE`](https://dev.mysql.com/doc/refman/8.0/en/create-table.html) 语句有效 :

   ```sql
   CREATE TABLE tkc (c1 CHAR)
   PARTITION BY KEY(c1)
   PARTITIONS 4;
   
   CREATE TABLE tke
       ( c1 ENUM('red', 'orange', 'yellow', 'green', 'blue', 'indigo', 'violet') )
   PARTITION BY LINEAR KEY(c1)
   PARTITIONS 6;
   ```

2. 通过 `RANGE COLUMNS` 或 `LIST COLUMNS` 进行分区时，可以使用string、[`DATE`](https://dev.mysql.com/doc/refman/8.0/en/datetime.html) 和 [`DATETIME`](https://dev.mysql.com/doc/refman/8.0/en/datetime.html) 列。例如，以下每个 [`CREATE TABLE`](https://dev.mysql.com/doc/refman/8.0/en/create-table.html) 语句都有效 :

   ```sql
   CREATE TABLE rc (c1 INT, c2 DATE)
   PARTITION BY RANGE COLUMNS(c2) (
       PARTITION p0 VALUES LESS THAN('1990-01-01'),
       PARTITION p1 VALUES LESS THAN('1995-01-01'),
       PARTITION p2 VALUES LESS THAN('2000-01-01'),
       PARTITION p3 VALUES LESS THAN('2005-01-01'),
       PARTITION p4 VALUES LESS THAN(MAXVALUE)
   );
   
   CREATE TABLE lc (c1 INT, c2 CHAR(1))
   PARTITION BY LIST COLUMNS(c2) (
       PARTITION p0 VALUES IN('a', 'd', 'g', 'j', 'm', 'p', 's', 'v', 'y'),
       PARTITION p1 VALUES IN('b', 'e', 'h', 'k', 'n', 'q', 't', 'w', 'z'),
       PARTITION p2 VALUES IN('c', 'f', 'i', 'l', 'o', 'r', 'u', 'x', NULL)
   );
   ```

前面的两个例外都不适用于 [`BLOB`](https://dev.mysql.com/doc/refman/8.0/en/blob.html) 或 [`TEXT`](https://dev.mysql.com/doc/refman/8.0/en/blob.html) 列类型。

**子查询。**分区键可能不是子查询，即使该子查询解析为整数值或 `NULL`。

**子分区的问题。**子分区必须使用 `HASH` 或 `KEY` 分区。只有 `RANGE` 和 `LIST` 分区可以进行子分区；`HASH` 和 `KEY` 分区不能进行子分区。

`SUBPARTITION BY KEY` 要求显式指定子分区列，与 `PARTITION BY KEY` 的情况不同，它可以省略 ( 在这种情况下默认使用表的主键列 )。考虑一下这个语句创建的表 :

```sql
CREATE TABLE ts (
    id INT NOT NULL AUTO_INCREMENT PRIMARY KEY,
    name VARCHAR(30)
);
```

您可以使用以下语句创建一个具有相同列的表 ( 按KEY分区 ) :

```sql
CREATE TABLE ts (
    id INT NOT NULL AUTO_INCREMENT PRIMARY KEY,
    name VARCHAR(30)
)
PARTITION BY KEY()
PARTITIONS 4;
```

前面的语句被视为是这样写的，表的主键列用作分区列 :

```sql
CREATE TABLE ts (
    id INT NOT NULL AUTO_INCREMENT PRIMARY KEY,
    name VARCHAR(30)
)
PARTITION BY KEY(id)
PARTITIONS 4;
```

但是，以下语句尝试使用默认列作为子分区列创建子分区表失败，并且必须为该语句指定该列才能成功，如下所示:

```sql
mysql> CREATE TABLE ts (
    ->     id INT NOT NULL AUTO_INCREMENT PRIMARY KEY,
    ->     name VARCHAR(30)
    -> )
    -> PARTITION BY RANGE(id)
    -> SUBPARTITION BY KEY()
    -> SUBPARTITIONS 4
    -> (
    ->     PARTITION p0 VALUES LESS THAN (100),
    ->     PARTITION p1 VALUES LESS THAN (MAXVALUE)
    -> );
ERROR 1064 (42000): You have an error in your SQL syntax; check the manual that
corresponds to your MySQL server version for the right syntax to use near ')

mysql> CREATE TABLE ts (
    ->     id INT NOT NULL AUTO_INCREMENT PRIMARY KEY,
    ->     name VARCHAR(30)
    -> )
    -> PARTITION BY RANGE(id)
    -> SUBPARTITION BY KEY(id)
    -> SUBPARTITIONS 4
    -> (
    ->     PARTITION p0 VALUES LESS THAN (100),
    ->     PARTITION p1 VALUES LESS THAN (MAXVALUE)
    -> );
Query OK, 0 rows affected (0.07 sec)
```

这是一个已知问题 ( 参见 Bug #51470 )。

**DATA DIRECTORY和INDEX DIRECTORY选项。**表级别 `DATA DIRECTORY` 和 `INDEX DIRECTORY` 选项被忽略 ( 参见 Bug #32091  )。您可以将这些选项用于 [`InnoDB`](https://dev.mysql.com/doc/refman/8.0/en/innodb-storage-engine.html) 表的各个分区或子分区。

**修复和重建分区表。**分区表支持语句 [`CHECK TABLE`](https://dev.mysql.com/doc/refman/8.0/en/check-table.html)、[`OPTIMIZE TABLE`](https://dev.mysql.com/doc/refman/8.0/en/optimize-table.html)、[`ANALYZE TABLE`](https://dev.mysql.com/doc/refman/8.0/en/analyze-table.html) 和 [`REPAIR TABLE`](https://dev.mysql.com/doc/refman/8.0/en/repair-table.html)。

此外，您可以使用 `ALTER TABLE ... REBUILD PARTITION` 来重建分区表的一个或多个分区；`ALTER TABLE ... REORGANIZE PARTITION` 也会导致重建分区。有关这两个语句的更多信息，请参见 [第13.1.9节"ALTER TABLE语法"](https://dev.mysql.com/doc/refman/8.0/en/alter-table.html)。

子分区支持 `ANALYZE`、`CHECK`、`OPTIMIZE`、`REPAIR` 和 `TRUNCATE` 操作。请参见 [第13.1.9.1节"ALTER TABLE分区操作"](https://dev.mysql.com/doc/refman/8.0/en/alter-table-partition-operations.html)。

**分区和子分区的文件名分隔符。**表分区和子分区文件名包括生成的分隔符，例如 `#P#` 和 `#SP#`。这种分隔符的字母情况可能有所不同，不应该依赖。