### 23.6.1 分区键、主键和唯一键

本节讨论分区键与主键和唯一键的关系。控制这种关系的规则可以表示为 : 分区表的分区表达式中使用的所有列必须是该表可能具有的每个唯一键的一部分。

换句话说，表上的每个唯一键必须使用表的分区表达式中的每一列。( 这也包括表的主键，因为它根据定义是一个唯一键。这个特殊情况将在本节后面讨论。) 例如，以下每个表创建语句都是无效的 :

```sql
CREATE TABLE t1 (
    col1 INT NOT NULL,
    col2 DATE NOT NULL,
    col3 INT NOT NULL,
    col4 INT NOT NULL,
    UNIQUE KEY (col1, col2)
)
PARTITION BY HASH(col3)
PARTITIONS 4;

CREATE TABLE t2 (
    col1 INT NOT NULL,
    col2 DATE NOT NULL,
    col3 INT NOT NULL,
    col4 INT NOT NULL,
    UNIQUE KEY (col1),
    UNIQUE KEY (col3)
)
PARTITION BY HASH(col1 + col3)
PARTITIONS 4;
```

在每种情况下，建议的表将至少有一个唯一键，不包括分区表达式中使用的所有列。

以下每一条语句都是有效的，并且表示可以使相应的无效表创建语句工作的一种方式 :

```sql
CREATE TABLE t1 (
    col1 INT NOT NULL,
    col2 DATE NOT NULL,
    col3 INT NOT NULL,
    col4 INT NOT NULL,
    UNIQUE KEY (col1, col2, col3)
)
PARTITION BY HASH(col3)
PARTITIONS 4;

CREATE TABLE t2 (
    col1 INT NOT NULL,
    col2 DATE NOT NULL,
    col3 INT NOT NULL,
    col4 INT NOT NULL,
    UNIQUE KEY (col1, col3)
)
PARTITION BY HASH(col1 + col3)
PARTITIONS 4;
```

此示例显示在这种情况下产生的错误 :

```sql
mysql> CREATE TABLE t3 (
    ->     col1 INT NOT NULL,
    ->     col2 DATE NOT NULL,
    ->     col3 INT NOT NULL,
    ->     col4 INT NOT NULL,
    ->     UNIQUE KEY (col1, col2),
    ->     UNIQUE KEY (col3)
    -> )
    -> PARTITION BY HASH(col1 + col3)
    -> PARTITIONS 4;
ERROR 1491 (HY000): A PRIMARY KEY must include all columns in the table's partitioning function
```

[`CREATE TABLE`](https://dev.mysql.com/doc/refman/8.0/en/create-table.html) 语句失败，因为 `col1` 和 `col3` 都包含在建议的分区键中，但这些列都不是表中两个唯一键的一部分。这显示了无效表定义的一种可能修复 :

```sql
mysql> CREATE TABLE t3 (
    ->     col1 INT NOT NULL,
    ->     col2 DATE NOT NULL,
    ->     col3 INT NOT NULL,
    ->     col4 INT NOT NULL,
    ->     UNIQUE KEY (col1, col2, col3),
    ->     UNIQUE KEY (col3)
    -> )
    -> PARTITION BY HASH(col3)
    -> PARTITIONS 4;
Query OK, 0 rows affected (0.05 sec)
```

在这种情况下，建议的分区键 `col3` 是两个唯一键的一部分，并且表创建语句成功。

根本无法对下表进行分区，因为无法在分区键中包含属于这两个唯一键的任何列 :

```sql
CREATE TABLE t4 (
    col1 INT NOT NULL,
    col2 INT NOT NULL,
    col3 INT NOT NULL,
    col4 INT NOT NULL,
    UNIQUE KEY (col1, col3),
    UNIQUE KEY (col2, col4)
);
```

由于每个主键根据定义是唯一键，因此该限制还包括表的主键 ( 如果有 )。例如，接下来的两个语句无效 :

```sql
CREATE TABLE t5 (
    col1 INT NOT NULL,
    col2 DATE NOT NULL,
    col3 INT NOT NULL,
    col4 INT NOT NULL,
    PRIMARY KEY(col1, col2)
)
PARTITION BY HASH(col3)
PARTITIONS 4;

CREATE TABLE t6 (
    col1 INT NOT NULL,
    col2 DATE NOT NULL,
    col3 INT NOT NULL,
    col4 INT NOT NULL,
    PRIMARY KEY(col1, col3),
    UNIQUE KEY(col2)
)
PARTITION BY HASH( YEAR(col2) )
PARTITIONS 4;
```

在这两种情况下，主键都不包括分区表达式中引用的所有列。但是，接下来的两个语句都是有效的 :

```sql
CREATE TABLE t7 (
    col1 INT NOT NULL,
    col2 DATE NOT NULL,
    col3 INT NOT NULL,
    col4 INT NOT NULL,
    PRIMARY KEY(col1, col2)
)
PARTITION BY HASH(col1 + YEAR(col2))
PARTITIONS 4;

CREATE TABLE t8 (
    col1 INT NOT NULL,
    col2 DATE NOT NULL,
    col3 INT NOT NULL,
    col4 INT NOT NULL,
    PRIMARY KEY(col1, col2, col4),
    UNIQUE KEY(col2, col1)
)
PARTITION BY HASH(col1 + YEAR(col2))
PARTITIONS 4;
```

如果一个表没有唯一键 — 这包括没有主键 — 那么这个限制就不适用，只要列类型与分区类型兼容，就可以在分区表达式中使用任何列。

出于同样的原因，除非密钥包含表的分区表达式使用的所有列，否则以后不能向分区表添加唯一键。考虑如下所示创建的分区表 :

```sql
mysql> CREATE TABLE t_no_pk (c1 INT, c2 INT)
    ->     PARTITION BY RANGE(c1) (
    ->         PARTITION p0 VALUES LESS THAN (10),
    ->         PARTITION p1 VALUES LESS THAN (20),
    ->         PARTITION p2 VALUES LESS THAN (30),
    ->         PARTITION p3 VALUES LESS THAN (40)
    ->     );
Query OK, 0 rows affected (0.12 sec)
```

可以使用以下任一 [`ALTER TABLE`](https://dev.mysql.com/doc/refman/8.0/en/alter-table-partition-operations.html) 语句向 `t_no_pk` 添加主键 :

```sql
#  possible PK
mysql> ALTER TABLE t_no_pk ADD PRIMARY KEY(c1);
Query OK, 0 rows affected (0.13 sec)
Records: 0  Duplicates: 0  Warnings: 0

# drop this PK
mysql> ALTER TABLE t_no_pk DROP PRIMARY KEY;
Query OK, 0 rows affected (0.10 sec)
Records: 0  Duplicates: 0  Warnings: 0

#  use another possible PK
mysql> ALTER TABLE t_no_pk ADD PRIMARY KEY(c1, c2);
Query OK, 0 rows affected (0.12 sec)
Records: 0  Duplicates: 0  Warnings: 0

# drop this PK
mysql> ALTER TABLE t_no_pk DROP PRIMARY KEY;
Query OK, 0 rows affected (0.09 sec)
Records: 0  Duplicates: 0  Warnings: 0
```

但是，下一个语句失败，因为 `c1` 是分区键的一部分，但不是建议的主键的一部分 :

```sql
#  fails with error 1503
mysql> ALTER TABLE t_no_pk ADD PRIMARY KEY(c2);
ERROR 1503 (HY000): A PRIMARY KEY must include all columns in the table's partitioning function
```

由于 `t_no_pk` 在其分区表达式中只有 `c1`，因此单独尝试在 `c2` 上添加唯一键失败。但是，您可以添加同时使用 `c1` 和 `c2` 的键。

这些规则也适用于您希望使用 [`ALTER TABLE ... PARTITION BY`](https://dev.mysql.com/doc/refman/8.0/en/alter-table-partition-operations.html) 进行分区的现有非分区表。考虑一个如下所示创建的表 `np_pk` :

```sql
mysql> CREATE TABLE np_pk (
    ->     id INT NOT NULL AUTO_INCREMENT,
    ->     name VARCHAR(50),
    ->     added DATE,
    ->     PRIMARY KEY (id)
    -> );
Query OK, 0 rows affected (0.08 sec)
```

以下 [`ALTER TABLE`](https://dev.mysql.com/doc/refman/8.0/en/alter-table-partition-operations.html) 语句失败并显示错误，因为添加的列不是表中任何唯一键的一部分 :

```sql
mysql> ALTER TABLE np_pk
    ->     PARTITION BY HASH( TO_DAYS(added) )
    ->     PARTITIONS 4;
ERROR 1503 (HY000): A PRIMARY KEY must include all columns in the table's partitioning function
```

但是，使用分区列的 `id` 列的此语句有效，如下所示 :

```sql
mysql> ALTER TABLE np_pk
    ->     PARTITION BY HASH(id)
    ->     PARTITIONS 4;
Query OK, 0 rows affected (0.11 sec)
Records: 0  Duplicates: 0  Warnings: 0
```

在 `np_pk` 的情况下，可以用作分区表达式的一部分的唯一列是 `id`；如果您希望使用分区表达式中的任何其他列对此表进行分区，则必须先修改表，方法是将所需的一列或多列添加到主键，或者完全删除主键。